[064月2026 15:12:08.074] [main/INFO] [cpw.mods.modlauncher.Launcher/MODLAUNCHER]: ModLauncher running: args [--launchTarget, forgeserverdev, --gameDir, ., --fml.fmlVersion, 4.0.42, --fml.mcVersion, 1.21.1, --fml.neoForgeVersion, 21.1.219, --fml.neoFormVersion, 20240808.144430, --nogui]
[064月2026 15:12:08.078] [main/INFO] [cpw.mods.modlauncher.Launcher/MODLAUNCHER]: JVM identified as Eclipse Adoptium OpenJDK 64-Bit Server VM 21.0.8+9-LTS
[064月2026 15:12:08.079] [main/INFO] [cpw.mods.modlauncher.Launcher/MODLAUNCHER]: ModLauncher 11.0.5+main.901c6ea8 starting: java version 21.0.8 by Eclipse Adoptium; OS Windows 11 arch amd64 version 10.0
[064月2026 15:12:08.263] [main/INFO] [net.neoforged.fml.loading.ImmediateWindowHandler/]: ImmediateWindowProvider not loading because launch target is forgeserverdev
[064月2026 15:12:08.320] [main/INFO] [mixin/]: SpongePowered MIXIN Subsystem Version=0.8.7 Source=union:/C:/Users/懒新/.gradle/caches/modules-2/files-2.1/net.fabricmc/sponge-mixin/0.15.2+mixin.0.8.7/2af2f021d8e02a0220dc27a7a72b4666d66d44ca/sponge-mixin-0.15.2+mixin.0.8.7.jar%2398!/ Service=ModLauncher Env=SERVER
[064月2026 15:12:08.983] [main/INFO] [net.neoforged.fml.loading.moddiscovery.locators.JarInJarDependencyLocator/]: Found 2 dependencies adding them to mods collection
[064月2026 15:12:08.985] [main/INFO] [net.neoforged.fml.loading.moddiscovery.ModDiscoverer/]: 
     Mod List:
		Name Version (Mod Id)

		CorpseOrigin 0.0.3bata (corpseorigin)
		CustomSkinLoader 14.27 (customskinloader)
		GeckoLib 4 4.8.3 (geckolib)
		Jade 15.10.5+neoforge (jade)
		Just Enough Items 19.27.0.340 (jei)
		Minecraft 1.21.1 (minecraft)
		NeoForge 21.1.219 (neoforge)
[064月2026 15:12:10.480] [main/INFO] [mixin/]: Compatibility level set to JAVA_17
[064月2026 15:12:10.485] [main/INFO] [mixin/]: Compatibility level set to JAVA_21
[064月2026 15:12:10.499] [main/INFO] [cpw.mods.modlauncher.LaunchServiceHandler/MODLAUNCHER]: Launching target 'forgeserverdev' with arguments [--gameDir, ., --nogui]
[064月2026 15:12:10.575] [main/WARN] [mixin/]: Reference map 'geckolib.refmap.json' for geckolib.mixins.json could not be read. If this is a development environment you can ignore this message
[064月2026 15:12:11.576] [main/WARN] [oshi.driver.windows.perfmon.PerfmonDisabled/]: Invalid registry value type detected for PerfOS counters. Should be REG_DWORD. Ignoring: HKEY_LOCAL_MACHINE\SYSTEM\CurrentControlSet\Services\PerfOS\Performance\Disable Performance Counters.
[064月2026 15:12:12.087] [main/INFO] [MixinExtras|Service/]: Initializing MixinExtras via com.llamalad7.mixinextras.service.MixinExtrasServiceImpl(version=0.5.0).
[064月2026 15:12:17.929] [main/WARN] [net.minecraft.commands.Commands/]: Ambiguity between arguments [teleport, location] and [teleport, destination] with inputs: [0.1 -0.5 .9, 0 0 0]
[064月2026 15:12:17.931] [main/WARN] [net.minecraft.commands.Commands/]: Ambiguity between arguments [teleport, location] and [teleport, targets] with inputs: [0.1 -0.5 .9, 0 0 0]
[064月2026 15:12:17.936] [main/WARN] [net.minecraft.commands.Commands/]: Ambiguity between arguments [teleport, destination] and [teleport, targets] with inputs: [Player, 0123, @e, dd12be42-52a9-4a91-a8a1-11c01849e498]
[064月2026 15:12:17.937] [main/WARN] [net.minecraft.commands.Commands/]: Ambiguity between arguments [teleport, targets] and [teleport, destination] with inputs: [Player, 0123, dd12be42-52a9-4a91-a8a1-11c01849e498]
[064月2026 15:12:17.938] [main/WARN] [net.minecraft.commands.Commands/]: Ambiguity between arguments [teleport, targets, location] and [teleport, targets, destination] with inputs: [0.1 -0.5 .9, 0 0 0]
[064月2026 15:12:18.015] [modloading-worker-0/INFO] [net.neoforged.neoforge.common.NeoForgeMod/NEOFORGE-MOD]: NeoForge mod loading, version 21.1.219, for MC 1.21.1
[064月2026 15:12:18.062] [modloading-worker-0/INFO] [com.phagens.corpseorigin.CorpseOrigin/]: 技能 [hardened_skin] 的图标路径: corpseorigin:textures/skills/hardened_skin.png
[064月2026 15:12:18.108] [modloading-worker-0/INFO] [com.phagens.corpseorigin.CorpseOrigin/]: 技能 [sharp_claws] 的图标路径: corpseorigin:textures/skills/sharp_claws.png
[064月2026 15:12:18.109] [modloading-worker-0/INFO] [com.phagens.corpseorigin.CorpseOrigin/]: 技能 [devour_enhancement] 的图标路径: corpseorigin:textures/skills/devour_enhancement.png
[064月2026 15:12:18.111] [modloading-worker-0/INFO] [com.phagens.corpseorigin.CorpseOrigin/]: 技能 [evolution_sense] 的图标路径: corpseorigin:textures/skills/evolution_sense.png
[064月2026 15:12:18.134] [modloading-worker-0/INFO] [com.phagens.corpseorigin.CorpseOrigin/]: 技能 [giant_strength] 的图标路径: corpseorigin:textures/skills/giant_strength.png
[064月2026 15:12:18.159] [modloading-worker-0/INFO] [com.phagens.corpseorigin.CorpseOrigin/]: 技能 [berserk] 的图标路径: corpseorigin:textures/skills/berserk.png
[064月2026 15:12:18.167] [modloading-worker-0/INFO] [com.phagens.corpseorigin.CorpseOrigin/]: 技能 [heavy_strike] 的图标路径: corpseorigin:textures/skills/heavy_strike.png
[064月2026 15:12:18.168] [modloading-worker-0/INFO] [com.phagens.corpseorigin.CorpseOrigin/]: 技能 [swift_movement] 的图标路径: corpseorigin:textures/skills/swift_movement.png
[064月2026 15:12:18.170] [modloading-worker-0/INFO] [com.phagens.corpseorigin.CorpseOrigin/]: 技能 [leap] 的图标路径: corpseorigin:textures/skills/leap.png
[064月2026 15:12:18.174] [modloading-worker-0/INFO] [com.phagens.corpseorigin.CorpseOrigin/]: 技能 [evasion] 的图标路径: corpseorigin:textures/skills/evasion.png
[064月2026 15:12:18.178] [modloading-worker-0/INFO] [com.phagens.corpseorigin.CorpseOrigin/]: 技能 [venom] 的图标路径: corpseorigin:textures/skills/venom.png
[064月2026 15:12:18.179] [modloading-worker-0/INFO] [com.phagens.corpseorigin.CorpseOrigin/]: 技能 [regeneration] 的图标路径: corpseorigin:textures/skills/regeneration.png
[064月202[064月2026 15:12:23.920] [main/WARN] [net.minecraft.commands.Commands/]: Ambiguity between arguments [teleport, location] and [teleport, destination] with inputs: [0.1 -0.5 .9, 0 0 0]
[064月2026 15:12:23.922] [main/WARN] [net.minecraft.commands.Commands/]: Ambiguity between arguments [teleport, location] and [teleport, targets] with inputs: [0.1 -0.5 .9, 0 0 0]
[064月2026 15:12:23.925] [main/WARN] [net.minecraft.commands.Commands/]: Ambiguity between arguments [teleport, destination] and [teleport, targets] with inputs: [Player, 0123, @e, dd12be42-52a9-4a91-a8a1-11c01849e498]
[064月2026 15:12:23.927] [main/WARN] [net.minecraft.commands.Commands/]: Ambiguity between arguments [teleport, targets] and [teleport, destination] with inputs: [Player, 0123, dd12be42-52a9-4a91-a8a1-11c01849e498]
[064月2026 15:12:23.928] [main/WARN] [net.minecraft.commands.Commands/]: Ambiguity between arguments [teleport, targets, location] and [teleport, targets, destination] with inputs: [0.1 -0.5 .9, 0 0 0]
[064月2026 15:12:24.064] [Render thread/WARN] [net.minecraft.server.packs.VanillaPackResourcesBuilder/]: Assets URL 'union:/D:/corpseorigin-neoforge-1.21.1/build/moddev/artifacts/neoforge-21.1.219.jar%23196!/assets/.mcassetsroot' uses unexpected schema
[064月2026 15:12:24.064] [Render thread/WARN] [net.minecraft.server.packs.VanillaPackResourcesBuilder/]: Assets URL 'union:/D:/corpseorigin-neoforge-1.21.1/build/moddev/artifacts/neoforge-21.1.219.jar%23196!/data/.mcassetsroot' uses unexpected schema
[064月2026 15:12:24.094] [Render thread/INFO] [com.mojang.authlib.yggdrasil.YggdrasilAuthenticationService/]: Environment: Environment[sessionHost=https://sessionserver.mojang.com, servicesHost=https://api.minecraftservices.com, name=PROD]
[064月2026 15:12:24.105] [Render thread/INFO] [net.minecraft.client.Minecraft/]: Setting user: Dev
[064月2026 15:12:24.202] [Render thread/INFO] [net.minecraft.client.Minecraft/]: Backend library: LWJGL version 3.3.3+5
[064月2026 15:12:24.485] [modloading-worker-0/INFO] [net.neoforged.neoforge.common.NeoForgeMod/NEOFORGE-MOD]: NeoForge mod loading, version 21.1.219, for MC 1.21.1
[064月2026 15:12:24.527] [modloading-worker-0/INFO] [com.phagens.corpseorigin.CorpseOrigin/]: 技能 [hardened_skin] 的图标路径: corpseorigin:textures/skills/hardened_skin.png
[064月2026 15:12:24.531] [modloading-worker-0/INFO] [com.phagens.corpseorigin.CorpseOrigin/]: 技能 [sharp_claws] 的图标路径: corpseorigin:textures/skills/sharp_claws.png
[064月2026 15:12:24.532] [modloading-worker-0/INFO] [com.phagens.corpseorigin.CorpseOrigin/]: 技能 [devour_enhancement] 的图标路径: corpseorigin:textures/skills/devour_enhancement.png
[064月2026 15:12:24.533] [modloading-worker-0/INFO] [com.phagens.corpseorigin.CorpseOrigin/]: 技能 [evolution_sense] 的图标路径: corpseorigin:textures/skills/evolution_sense.png
[064月2026 15:12:24.534] [modloading-worker-0/INFO] [com.phagens.corpseorigin.CorpseOrigin/]: 技能 [giant_strength] 的图标路径: corpseorigin:textures/skills/giant_strength.png
[064月2026 15:12:24.536] [modloading-worker-0/INFO] [com.phagens.corpseorigin.CorpseOrigin/]: 技能 [berserk] 的图标路径: corpseorigin:textures/skills/berserk.png
[064月2026 15:12:24.536] [modloading-worker-0/INFO] [com.phagens.corpseorigin.CorpseOrigin/]: 技能 [heavy_strike] 的图标路径: corpseorigin:textures/skills/heavy_strike.png
[064月2026 15:12:24.537] [modloading-worker-0/INFO] [com.phagens.corpseorigin.CorpseOrigin/]: 技能 [swift_movement] 的图标路径: corpseorigin:textures/skills/swift_movement.png
[064月2026 15:12:24.538] [modloading-worker-0/INFO] [com.phagens.corpseorigin.CorpseOrigin/]: 技能 [leap] 的图标路径: corpseorigin:textures/skills/leap.png
[064月2026 15:12:24.538] [modloading-worker-0/INFO] [com.phagens.corpseorigin.CorpseOrigin/]: 技能 [evasion] 的图标路径: corpseorigin:textures/skills/evasion.png
[064月2026 15:12:24.540] [modloading-worker-0/INFO] [com.phagens.corpseorigin.CorpseOrigin/]: 技能 [venom] 的图标路径: corpseorigin:textures/skills/venom.png
[064月2026 15:12:24.541] [modloading-worker-0/INFO] [com.phagens.corpseorigin.CorpseOrigin/]: 技能 [regeneration] 的图标路径: corpseorigin:textures/skills/regeneration.png
[064月2026 15:12:24.541] [modloading-worker-0/INFO] [com.phagens.corpseorigin.CorpseOrigin/]: 技能 [fear_aura] 的图标路径: corpseorigin:textures/skills/fear_aura.png
[064月2026 15:12:24.543] [modloading-worker-0/INFO] [com.phagens.corpseorigin.CorpseOrigin/]: 技能 [multi_eye_perception] 的图标路径: corpseorigin:textures/skills/multi_eye_perception.png
[064月2026 15:12:24.544] [modloading-worker-0/INFO] [com.phagens.corpseorigin.CorpseOrigin/]: 技能 [immortal_body] 的图标路径: corpseorigin:textures/skills/immortal_body.png
[064月2026 15:12:24.545] [modloading-worker-0/INFO] [com.phagens.corpseorigin.CorpseOrigin/]: 技能 [corpse_king_power] 的图标路径: corpseorigin:textures/skills/corpse_king_power.png
[064月2026 15:12:24.546] [modloading-worker-0/INFO] [com.phagens.corpseorigin.CorpseOrigin/]: 技能 [shadow_strike] 的图标路径: corpseorigin:textures/skills/shadow_strike.png
[064月2026 15:12:24.547] [modloading-worker-0/INFO] [com.phagens.corpseorigin.CorpseOrigin/]: 技能 [disguise] 的图标路径: corpseorigin:textures/skills/disguise.png
[064月2026 15:12:24.547] [modloading-worker-0/INFO] [com.phagens.corpseorigin.CorpseOrigin/]: 注册了 18 个尸兄技能
[064月2026 15:12:24.548] [modloading-worker-0/INFO] [com.phagens.corpseorigin.CorpseOrigin/]: 尸兄进化技能树初始化完成（延迟加载）
[064月2026 15:12:24.555] [modloading-worker-0/INFO] [com.phagens.corpseorigin.CorpseOrigin/]: 尸兄进化技能树已初始化，共 18 个节点
[064月2026 15:12:24.568] [modloading-worker-0/INFO] [com.phagens.corpseorigin.voice.VoiceTriggerIntegration/]: Initializing simplified VoiceTrigger integration
[064月2026 15:12:24.570] [modloading-worker-0/INFO] [mezz.jei.library.load.PluginCaller/]: Sending ConfigManager...
[064月2026 15:12:24.574] [modloading-worker-0/INFO] [mezz.jei.library.load.PluginCaller/]: Sending ConfigManager took 1.686 milliseconds
[064月2026 15:12:24.577] [modloading-worker-0/INFO] [com.phagens.corpseorigin.voice.VoiceTriggerIntegration/]: VoiceTrigger integration initialized successfully
[064月2026 15:12:25.517] [Render thread/INFO] [net.neoforged.neoforge.gametest.GameTestHooks/]: Enabled Gametest Namespaces: [corpseorigin]
[064月2026 15:12:25.568] [Render thread/INFO] [com.phagens.corpseorigin.CorpseOrigin/]: Registered exoskeleton layer definitions
[064月2026 15:12:25.834] [Render thread/INFO] [net.minecraft.server.packs.resources.ReloadableResourceManager/]: Reloading ResourceManager: vanilla, mod_resources, mod/jade, mod/geckolib, mod/customskinloader, mod/corpseorigin, mod/neoforge, mod/jei
[064月2026 15:12:25.847] [Worker-Main-3/INFO] [com.phagens.corpseorigin.CorpseOrigin/]: HELLO FROM COMMON SETUP
[064月2026 15:12:25.911] [Worker-Main-5/WARN] [GeckoLib/]: Unsupported geometry json version for model corpseorigin:geo/item/organic/ordinary_zb_eye.geo.json. Supported versions: 1.12.0
[064月2026 15:12:25.911] [Worker-Main-3/WARN] [GeckoLib/]: Unsupported geometry json version for model corpseorigin:geo/item/dr_mu_eye.geo.json. Supported versions: 1.12.0
[064月2026 15:12:25.918] [Worker-Main-6/WARN] [GeckoLib/]: Unsupported geometry json version for model corpseorigin:geo/item/ming_juque.geo.json. Supported versions: 1.12.0
[064月2026 15:12:25.920] [Worker-Main-6/INFO] [com.phagens.corpseorigin.voice.VoiceTriggerIntegration/]: Setting up simplified VoiceTrigger client components
[064月2026 15:12:25.920] [Worker-Main-6/INFO] [com.phagens.corpseorigin.CorpseOrigin/]: HELLO FROM CLIENT SETUP
[064月2026 15:12:25.920] [Worker-Main-6/INFO] [com.phagens.corpseorigin.CorpseOrigin/]: MINECRAFT NAME >> Dev
[064月2026 15:12:25.966] [Worker-Main-6/INFO] [net.minecraft.client.gui.font.providers.UnihexProvider/]: Found unifont_all_no_pua-15.1.05.hex, loading
[064月2026 15:12:25.985] [Worker-Main-1/INFO] [net.minecraft.client.gui.font.providers.UnihexProvider/]: Found unifont_jp_patch-15.1.05.hex, loading
[064月2026 15:12:26.799] [Worker-Main-5/WARN] [net.minecraft.client.resources.model.BlockStateModelLoader/]: Exception loading blockstate definition: 'corpseorigin:blockstates/qi_xing_guan.json' missing model for variant: 'corpseorigin:qi_xing_guan#summoned=false'
[064月2026 15:12:26.800] [Worker-Main-5/WARN] [net.minecraft.client.resources.model.BlockStateModelLoader/]: Exception loading blockstate definition: 'corpseorigin:blockstates/qi_xing_guan.json' missing model for variant: 'corpseorigin:qi_xing_guan#summoned=true'
[064月2026 15:12:26.800] [Worker-Main-5/WARN] [net.minecraft.client.resources.model.BlockStateModelLoader/]: Exception loading blockstate definition: 'corpseorigin:blockstates/zbr_flesh.json' missing model for variant: 'corpseorigin:zbr_flesh#'
[064月2026 15:12:26.803] [Worker-Main-5/WARN] [net.minecraft.client.resources.model.ModelBakery/]: Unable to load model: 'corpseorigin:item/mission_scroll' referenced from: corpseorigin:item/mission_scroll: java.io.FileNotFoundException: corpseorigin:models/item/mission_scroll.json
[064月2026 15:12:26.805] [Worker-Main-5/WARN] [net.minecraft.client.resources.model.ModelBakery/]: Unable to load model: 'corpseorigin:item/base_gong_fa' referenced from: corpseorigin:item/base_gong_fa: java.io.FileNotFoundException: corpseorigin:models/item/base_gong_fa.json
[064月2026 15:12:27.553] [Worker-Main-5/INFO] [snownee.jade.Jade/]: Start loading plugin from snownee.jade.addon.vanilla.VanillaPlugin
[064月2026 15:12:27.594] [Worker-Main-5/INFO] [snownee.jade.Jade/]: Bootstrapped plugin from snownee.jade.addon.vanilla.VanillaPlugin in 38.37 ms
[064月2026 15:12:27.601] [Worker-Main-5/INFO] [snownee.jade.Jade/]: Loaded plugin from snownee.jade.addon.vanilla.VanillaPlugin in 44.91 ms
[064月2026 15:12:27.601] [Worker-Main-5/INFO] [snownee.jade.Jade/]: Start loading plugin from snownee.jade.addon.universal.UniversalPlugin
[064月2026 15:12:27.606] [Worker-Main-5/INFO] [snownee.jade.Jade/]: Bootstrapped plugin from snownee.jade.addon.universal.UniversalPlugin in 4.228 ms
[064月2026 15:12:27.606] [Worker-Main-5/INFO] [snownee.jade.Jade/]: Loaded plugin from snownee.jade.addon.universal.UniversalPlugin in 4.716 ms
[064月2026 15:12:27.606] [Worker-Main-5/INFO] [snownee.jade.Jade/]: Start loading plugin from snownee.jade.addon.debug.DebugPlugin
[064月2026 15:12:27.608] [Worker-Main-5/INFO] [snownee.jade.Jade/]: Bootstrapped plugin from snownee.jade.addon.debug.DebugPlugin in 1.903 ms
[064月2026 15:12:27.609] [Worker-Main-5/INFO] [snownee.jade.Jade/]: Loaded plugin from snownee.jade.addon.debug.DebugPlugin in 2.219 ms
[064月2026 15:12:27.609] [Worker-Main-5/INFO] [snownee.jade.Jade/]: Start loading plugin from snownee.jade.addon.core.CorePlugin
[064月2026 15:12:27.614] [Worker-Main-5/INFO] [snownee.jade.Jade/]: Bootstrapped plugin from snownee.jade.addon.core.CorePlugin in 3.657 ms
[064月2026 15:12:27.614] [Worker-Main-5/INFO] [snownee.jade.Jade/]: Loaded plugin from snownee.jade.addon.core.CorePlugin in 3.970 ms
[064月2026 15:12:27.614] [Worker-Main-5/INFO] [snownee.jade.Jade/]: Start loading plugin from snownee.jade.addon.access.AccessibilityPlugin
[064月2026 15:12:27.618] [Worker-Main-5/INFO] [snownee.jade.Jade/]: Bootstrapped plugin from snownee.jade.addon.access.AccessibilityPlugin in 3.327 ms
[064月2026 15:12:27.618] [Worker-Main-5/INFO] [snownee.jade.Jade/]: Loaded plugin from snownee.jade.addon.access.AccessibilityPlugin in 3.617 ms
[064月2026 15:12:27.715] [Render thread/INFO] [com.phagens.corpseorigin.CorpseOrigin/]: NetworkPaketGL 正在注册网络包到通道: corpseorigin
[064月2026 15:12:27.722] [Render thread/INFO] [com.phagens.corpseorigin.CorpseOrigin/]: NetworkPaketGL 网络包注册完成，共注册了 6 个包
[064月2026 15:12:27.723] [Render thread/INFO] [com.phagens.corpseorigin.CorpseOrigin[064月2026 15:12:47.604] [Server thread/INFO] [com.phagens.corpseorigin.CorpseOrigin/]: 【新创建】SkillHandler for player: null (等待反序列化)
[064月2026 15:12:47.605] [Server thread/INFO] [com.phagens.corpseorigin.CorpseOrigin/]: 【反序列化】加载技能数据: 0 个技能, 0 进化点
[064月2026 15:12:47.609] [Server thread/INFO] [net.minecraft.server.players.PlayerList/]: Dev[/[fdfd::1aad:be33]:3682] logged in with entity id 97 at (-966.5, 72.0, -173.5)
[064月2026 15:12:47.665] [Server thread/INFO] [net.minecraft.server.MinecraftServer/]: Dev joined the game
[064月2026 15:12:47.677] [Server thread/INFO] [com.phagens.corpseorigin.CorpseOrigin/]: 【设置玩家】Player: Dev, 当前技能数量: 0, 进化点: 0
.sounds.SoundEngine/SOUNDS]: Sound engine started
[064月2026 15:12:28.003] [Render thread/INFO] [net.minecraft.client.renderer.texture.TextureAtlas/]: Created: 1024x1024x4 minecraft:textures/atlas/blocks.png-atlas
[064月2026 15:12:28.011] [Render thread/INFO] [net.minecraft.client.renderer.texture.TextureAtlas/]: Created: 256x256x4 minecraft:textures/atlas/signs.png-atlas
[064月2026 15:12:28.011] [Render thread/INFO] [net.minecraft.client.renderer.texture.TextureAtlas/]: Created: 512x512x4 minecraft:textures/atlas/shield_patterns.png-atlas
[064月2026 15:12:28.011] [Render thread/INFO] [net.minecraft.client.renderer.texture.TextureAtlas/]: Created: 512x512x4 minecraft:textures/atlas/banner_patterns.png-atlas
[064月2026 15:12:28.011] [Render thread/INFO] [net.minecraft.client.renderer.texture.TextureAtlas/]: Created: 1024x1024x4 minecraft:textures/atlas/armor_trims.png-atlas
[064月2026 15:12:28.018] [Render thread/INFO] [net.minecraft.client.renderer.texture.TextureAtlas/]: Created: 128x64x4 minecraft:textures/atlas/decorated_pot.png-atlas
[064月2026 15:12:28.018] [Render thread/INFO] [net.minecraft.client.renderer.texture.TextureAtlas/]: Created: 256x256x4 minecraft:textures/atlas/chest.png-atlas
[064月2026 15:12:28.018] [Render thread/INFO] [net.minecraft.client.renderer.texture.TextureAtlas/]: Created: 512x256x4 minecraft:textures/atlas/shulker_boxes.png-atlas
[064月2026 15:12:28.018] [Render thread/INFO] [net.minecraft.client.renderer.texture.TextureAtlas/]: Created: 512x256x4 minecraft:textures/atlas/beds.png-atlas
[064月2026 15:12:28.065] [Render thread/INFO] [com.phagens.corpseorigin.CorpseOrigin/]: Adding exoskeleton layer to player renderer
[064月2026 15:12:28.068] [Render thread/INFO] [net.minecraft.client.renderer.texture.TextureAtlas/]: Created: 512x256x0 minecraft:textures/atlas/particles.png-atlas
[064月2026 15:12:28.069] [Render thread/INFO] [net.minecraft.client.renderer.texture.TextureAtlas/]: Created: 512x256x0 minecraft:textures/atlas/paintings.png-atlas
[064月2026 15:12:28.070] [Render thread/INFO] [net.minecraft.client.renderer.texture.TextureAtlas/]: Created: 512x256x0 minecraft:textures/atlas/mob_effects.png-atlas
[064月2026 15:12:28.071] [Render thread/INFO] [net.minecraft.client.renderer.texture.TextureAtlas/]: Created: 64x64x0 minecraft:textures/atlas/map_decorations.png-atlas
[064月2026 15:12:28.071] [Render thread/INFO] [net.minecraft.client.renderer.texture.TextureAtlas/]: Created: 1024x512x0 minecraft:textures/atlas/gui.png-atlas
[064月2026 15:12:28.094] [Render thread/WARN] [net.minecraft.client.renderer.ShaderInstance/]: Shader rendertype_entity_translucent_emissive could not find sampler named Sampler2 in the specified shader program.
[064月2026 15:12:28.167] [Render thread/INFO] [net.neoforged.neoforge.client.entity.animation.json.AnimationLoader/]: Loaded 0 entity animations
[064月2026 15:12:28.167] [Render thread/INFO] [net.minecraft.client.renderer.texture.TextureAtlas/]: Created: 256x256x0 jei:textures/atlas/gui.png-atlas
[064月2026 15:12:41.604] [Render thread/INFO] [net.minecraft.client.gui.screens.ConnectScreen/]: Connecting to fdfd::1aad:be33, 25565
[064月2026 15:12:47.823] [Render thread/INFO] [mezz.jei.core.util.LoggedTimer/]: Starting JEI...
[064月2026 15:12:47.829] [Render thread/INFO] [mezz.jei.library.load.PluginCaller/]: Registering item subtypes...
[064月2026 15:12:47.832] [Render thread/INFO] [mezz.jei.library.load.PluginCaller/]: Registering item subtypes took 3.375 milliseconds
[064月2026 15:12:47.832] [Render thread/INFO] [mezz.jei.library.load.PluginCaller/]: Registering fluid subtypes...
[064月2026 15:12:47.834] [Render thread/INFO] [mezz.jei.library.load.PluginCaller/]: Registering fluid subtypes took 1.494 milliseconds
[064月2026 15:12:47.835] [Render thread/INFO] [mezz.jei.library.load.PluginCaller/]: Registering ingredients...
[064月2026 15:12:47.915] [Render thread/INFO] [com.phagens.corpseorigin.CorpseOrigin/]: === BuildCreativeModeTabContentsEvent 触发，添加功法物品 ===
[064月2026 15:12:47.915] [Render thread/INFO] [com.phagens.corpseorigin.CorpseOrigin/]: 开始添加功法物品到创造模式标签页
[064月2026 15:12:47.916] [Render thread/INFO] [com.phagens.corpseorigin.CorpseOrigin/]: 获取到 0 个功法数据
[064月2026 15:12:47.916] [Render thread/WARN] [com.phagens.corpseorigin.CorpseOrigin/]: 功法数据为空！
[064月2026 15:12:47.916] [Render thread/INFO] [com.phagens.corpseorigin.CorpseOrigin/]: GongFaJsonLoader.instance = null
[064月2026 15:12:47.916] [Render thread/WARN] [mezz.jei.library.plugins.vanilla.ingredients.ItemStackListFactory/]: Item Group has no display items and no search tab display items. Items from this group will be missing from the JEI ingredient list. 功法技能
[064月2026 15:12:47.933] [Render thread/INFO] [mezz.jei.library.load.PluginCallerTimerRunnable/]: Registering ingredients: jei:minecraft took 96.94 milliseconds
[064月2026 15:12:47.933] [Render thread/INFO] [mezz.jei.library.load.PluginCaller/]: Registering ingredients took 97.61 milliseconds
[064月2026 15:12:47.934] [Render thread/INFO] [mezz.jei.library.load.PluginCaller/]: Registering extra ingredients...
[064月2026 15:12:47.934] [Render thread/INFO] [mezz.jei.library.load.PluginCaller/]: Registering extra ingredients took 336.7 microseconds
[064月2026 15:12:47.934] [Render thread/INFO] [mezz.jei.library.load.PluginCaller/]: Registering search ingredient aliases...
[064月2026 15:12:47.935] [Render thread/INFO] [mezz.jei.library.load.PluginCaller/]: Registering search ingredient aliases took 484.2 microseconds
[064月2026 15:12:47.944] [Render thread/INFO] [mezz.jei.library.load.PluginCaller/]: Registering Mod Info...
[064月2026 15:12:47.944] [Render thread/INFO] [mezz.jei.library.load.PluginCaller/]: Registering Mod Info took 383.2 microseconds
[064月2026 15:12:47.954] [Render thread/INFO] [mezz.jei.library.load.PluginCaller/]: Registering categories...
[064月2026 15:12:47.965] [Render thread/INFO] [mezz.jei.library.load.PluginCaller/]: Registering categories took 10.51 milliseconds
[064月2026 15:12:47.965] [Render thread/INFO] [mezz.jei.library.load.PluginCaller/]: Registering vanilla category extensions...
[064月2026 15:12:47.967] [Render thread/INFO] [mezz.jei.library.load.PluginCaller/]: Registering vanilla category extensions took 1.472 milliseconds
[064月2026 15:12:47.967] [Render thread/INFO] [mezz.jei.library.load.PluginCaller/]: Registering recipe catalysts...
[064月2026 15:12:47.968] [Render thread/INFO] [mezz.jei.library.load.PluginCaller/]: Registering recipe catalysts took 851.8 microseconds
[064月2026 15:12:47.969] [Render thread/INFO] [mezz.jei.core.util.LoggedTimer/]: Building recipe registry...
[064月2026 15:12:47.974] [Render thread/INFO] [mezz.jei.core.util.LoggedTimer/]: Building recipe registry took 5.194 milliseconds
[064月2026 15:12:47.975] [Render thread/INFO] [mezz.jei.library.load.PluginCaller/]: Registering advanced plugins...
[064月2026 15:12:47.975] [Render thread/INFO] [mezz.jei.library.load.PluginCaller/]: Registering advanced plugins took 370.8 microseconds
[064月2026 15:12:47.976] [Render thread/INFO] [mezz.jei.library.load.PluginCaller/]: Registering recipes...
[064月2026 15:12:48.070] [Render thread/INFO] [mezz.jei.library.load.PluginCallerTimerRunnable/]: Registering recipes: jei:minecraft took 93.78 milliseconds
[064月2026 15:12:48.083] [Render thread/INFO] [mezz.jei.library.load.PluginCallerTimerRunnable/]: Registering recipes: jei:internal took 13.16 milliseconds
[064月2026 15:12:48.083] [Render thread/INFO] [mezz.jei.library.load.PluginCaller/]: Registering recipes took 107.7 milliseconds
[064月2026 15:12:48.087] [Render thread/INFO] [mezz.jei.library.load.PluginCaller/]: Registering recipes transfer handlers...
[064月2026 15:12:48.090] [Render thread/INFO] [mezz.jei.library.load.PluginCaller/]: Registering recipes transfer handlers took 1.664 milliseconds
[064月2026 15:12:48.093] [Render thread/INFO] [mezz.jei.core.util.LoggedTimer/]: Building runtime...
[064月2026 15:12:48.096] [Render thread/INFO] [mezz.jei.library.load.PluginCaller/]: Registering gui handlers...
[064月2026 15:12:48.101] [Render thread/INFO] [mezz.jei.library.load.PluginCaller/]: Registering gui handlers took 5.799 milliseconds
[064月2026 15:12:48.104] [Render thread/INFO] [mezz.jei.library.load.PluginCaller/]: Registering Runtime...
[064月2026 15:12:48.105] [Render thread/INFO] [mezz.jei.gui.startup.JeiGuiStarter/]: Starting JEI GUI
[064月2026 15:12:48.105] [Render thread/INFO] [mezz.jei.core.util.LoggedTimer/]: Building ingredient list...
[064月2026 15:12:48.117] [Render thread/INFO] [mezz.jei.core.util.LoggedTimer/]: Building ingredient list took 12.25 milliseconds
[064月2026 15:12:48.117] [Render thread/INFO] [mezz.jei.core.util.LoggedTimer/]: Building ingredient filter...
[064月2026 15:12:48.135] [Render thread/INFO] [mezz.jei.gui.ingredients.IngredientFilter/]: Adding 1732 ingredients
[064月2026 15:12:48.214] [Render thread/INFO] [mezz.jei.gui.ingredients.IngredientFilter/]: Added 1732 ingredients
[064月2026 15:12:48.215] [Render thread/INFO] [mezz.jei.core.util.LoggedTimer/]: Building ingredient filter took 96.95 milliseconds
[064月2026 15:12:48.255] [Render thread/INFO] [mezz.jei.library.load.PluginCallerTimerRunnable/]: Registering Runtime: jei:neoforge_gui took 150.9 milliseconds
[064月2026 15:12:48.255] [Render thread/INFO] [mezz.jei.library.load.PluginCaller/]: Registering Runtime took 151.5 milliseconds
[064月2026 15:12:48.255] [Render thread/INFO] [mezz.jei.core.util.LoggedTimer/]: Building runtime took 162.4 milliseconds
[064月2026 15:12:48.256] [Render thread/INFO] [mezz.jei.library.load.PluginCaller/]: Sending Runtime...
[064月2026 15:12:48.256] [Render thread/INFO] [mezz.jei.library.load.PluginCaller/]: Sending Runtime took 458.8 microseconds
[064月2026 15:12:48.256] [Render thread/INFO] [mezz.jei.core.util.LoggedTimer/]: Starting JEI took 432.9 milliseconds
[064月2026 15:12:48.266] [Render thread/INFO] [snownee.jade.Jade/]: Received config from the server: {}
[064月2026 15:12:48.269] [Render thread/INFO] [net.minecraft.advancements.AdvancementTree/]: Loaded 43 advancements
[064月2026 15:12:48.282] [Render thread/INFO] [com.phagens.corpseorigin.CorpseOrigin/]: 【新创建】SkillHandler for player: null (等待反序列化)
[064月2026 15:12:48.282] [Render thread/INFO] [com.phagens.corpseorigin.CorpseOrigin/]: 【设置玩家】Player: Dev, 当前技能数量: 0, 进化点: 0
[064月2026 15:12:49.347] [Render thread/INFO] [com.phagens.corpseorigin.CorpseOrigin/]: === BuildCreativeModeTabContentsEvent 触发，添加功法物品 ===
[064月2026 15:12:49.348] [Render thread/INFO] [com.phagens.corpseorigin.CorpseOrigin/]: 开始添加功法物品到创造模式标签页
[064月2026 15:12:49.348] [Render thread/INFO] [com.phagens.corpseorigin.CorpseOrigin/]: 获取到 0 个功法数据
[064月2026 15:12:49.348] [Render thread/WARN] [com.phagens.corpseorigin.CorpseOrigin/]: 功法数据为空！
[064月2026 15:12:49.348] [Render thread/INFO] [com.phagens.corpseorigin.CorpseOrigin/]: GongFaJsonLoader.instance = null
